2020-05-01T15:14:43-04:00	TestCache.hellocache2	expired	"a:1:{s:2:\"id\";s:1:\"3\";}"
2020-05-01T15:18:53-04:00	TestCache.hellocache2	expired	"a:1:{s:2:\"id\";s:1:\"3\";}"
2020-05-01T15:19:03-04:00	TestCache.hellocache2	expired	"a:1:{s:2:\"id\";s:1:\"3\";}"
2020-05-01T15:19:20-04:00	TestCache.hellocache2	expired	"a:1:{s:2:\"id\";s:1:\"3\";}"
2020-05-01T15:20:02-04:00	TestCache.hellocache2	new	"{\"id\":\"3\"}"
2020-05-01T15:20:08-04:00	TestCache.hellocache2	expired	"{\"id\":\"3\"}"
2020-05-01T15:20:14-04:00	TestCache.hellocache2	expired	"{\"id\":\"3\"}"
2020-05-01T15:20:20-04:00	TestCache.hellocache2	expired	"{\"id\":\"3\"}"
2020-05-01T15:20:26-04:00	TestCache.hellocache2	expired	"{\"id\":\"3\"}"
2020-05-01T15:20:47-04:00	TestCache.hellocache2	expired	"{\"id\":\"3\"}"
2020-05-01T15:20:53-04:00	TestCache.hellocache2	expired	"{\"id\":\"3\"}"
2020-05-01T15:20:59-04:00	TestCache.hellocache2	expired	"{\"id\":\"3\"}"
2020-05-01T15:21:05-04:00	TestCache.hellocache2	expired	"{\"id\":\"3\"}"
2020-05-01T15:21:33-04:00	TestCache.hellocache2	expired	"a:1:{s:2:\"id\";s:1:\"3\";}"
2020-05-01T15:21:41-04:00	TestCache.hellocache2	expired	"a:1:{s:2:\"id\";s:1:\"3\";}"
2022-08-13T14:38:15-04:00	TestCache.hellocache2	new	"a:0:{}"
2022-08-26T17:43:18-04:00	TestCache.hellocache2	expired	"a:0:{}"
2022-08-26T17:43:22-04:00	TestCache.hellocache2	new	"a:1:{s:2:\"id\";s:1:\"2\";}"
2022-08-26T17:43:24-04:00	TestCache.hellocache2	new	"a:1:{s:2:\"id\";s:1:\"3\";}"
2022-08-26T17:43:29-04:00	TestCache.hellocache2	expired	"a:1:{s:2:\"id\";s:1:\"2\";}"
2022-08-26T17:43:30-04:00	TestCache.hellocache2	expired	"a:1:{s:2:\"id\";s:1:\"3\";}"
